EN cotrol_interrupciones NULL D:/documentos/GitHub/DDA_TP2_Ejer3/TP2DDA_eje3/cotrol_interrupciones.vhd sub00/vhpl12 1446390418
AR divisor_de_frec behavioral D:/documentos/GitHub/DDA_TP2_Ejer3/TP2DDA_eje3/divisor_de_frec.vhd sub00/vhpl07 1446390413
PB constants constants D:/documentos/GitHub/DDA_TP2_Ejer3/TP2DDA_eje3/aplicacion.vhd sub00/vhpl17 1446390423
AR buffer_lcd behavioral D:/documentos/GitHub/DDA_TP2_Ejer3/TP2DDA_eje3/Buffer_LCD.vhd sub00/vhpl25 1446390431
AR salida_lcd_o behavioral D:/documentos/GitHub/DDA_TP2_Ejer3/TP2DDA_eje3/Salida_LCD_O.vhd sub00/vhpl23 1446390429
PH constants NULL D:/documentos/GitHub/DDA_TP2_Ejer3/TP2DDA_eje3/aplicacion.vhd sub00/vhpl16 1446390422
AR bbfifo_16x8 low_level_definition D:/documentos/GitHub/DDA_TP2_Ejer3/TP2DDA_eje3/bbfifo_16x8.vhd sub00/vhpl03 1446390409
EN sistema NULL D:/documentos/GitHub/DDA_TP2_Ejer3/TP2DDA_eje3/Sistema.vhd sub00/vhpl26 1446390432
EN antirebote NULL D:/documentos/GitHub/DDA_TP2_Ejer3/TP2DDA_eje3/Antirebote.vhd sub00/vhpl04 1446390410
AR cotrol_interrupciones behavioral D:/documentos/GitHub/DDA_TP2_Ejer3/TP2DDA_eje3/cotrol_interrupciones.vhd sub00/vhpl13 1446390419
AR antirebote behavioral D:/documentos/GitHub/DDA_TP2_Ejer3/TP2DDA_eje3/Antirebote.vhd sub00/vhpl05 1446390411
AR kcuart_rx low_level_definition D:/documentos/GitHub/DDA_TP2_Ejer3/TP2DDA_eje3/kcuart_rx.vhd sub00/vhpl01 1446390407
EN kcuart_rx NULL D:/documentos/GitHub/DDA_TP2_Ejer3/TP2DDA_eje3/kcuart_rx.vhd sub00/vhpl00 1446390406
AR sistema behavioral D:/documentos/GitHub/DDA_TP2_Ejer3/TP2DDA_eje3/Sistema.vhd sub00/vhpl27 1446390433
AR ack_uart behavioral D:/documentos/GitHub/DDA_TP2_Ejer3/TP2DDA_eje3/Ack_uart.vhd sub00/vhpl11 1446390417
EN salida_lcd_o NULL D:/documentos/GitHub/DDA_TP2_Ejer3/TP2DDA_eje3/Salida_LCD_O.vhd sub00/vhpl22 1446390428
EN kcpsm3 NULL D:/documentos/GitHub/DDA_TP2_Ejer3/TP2DDA_eje3/kcpsm3.vhd sub00/vhpl14 1446390420
EN memoria NULL D:/documentos/GitHub/DDA_TP2_Ejer3/TP2DDA_eje3/aplicacion.vhd sub00/vhpl18 1446390424
EN bbfifo_16x8 NULL D:/documentos/GitHub/DDA_TP2_Ejer3/TP2DDA_eje3/bbfifo_16x8.vhd sub00/vhpl02 1446390408
EN buffer_lcd NULL D:/documentos/GitHub/DDA_TP2_Ejer3/TP2DDA_eje3/Buffer_LCD.vhd sub00/vhpl24 1446390430
EN salida_lcd NULL D:/documentos/GitHub/DDA_TP2_Ejer3/TP2DDA_eje3/Salida_LCD.vhd sub00/vhpl20 1446390426
EN divisor_de_frec NULL D:/documentos/GitHub/DDA_TP2_Ejer3/TP2DDA_eje3/divisor_de_frec.vhd sub00/vhpl06 1446390412
EN ack_uart NULL D:/documentos/GitHub/DDA_TP2_Ejer3/TP2DDA_eje3/Ack_uart.vhd sub00/vhpl10 1446390416
AR uart_rx macro_level_definition D:/documentos/GitHub/DDA_TP2_Ejer3/TP2DDA_eje3/uart_rx.vhd sub00/vhpl09 1446390415
AR memoria mix D:/documentos/GitHub/DDA_TP2_Ejer3/TP2DDA_eje3/aplicacion.vhd sub00/vhpl19 1446390425
EN uart_rx NULL D:/documentos/GitHub/DDA_TP2_Ejer3/TP2DDA_eje3/uart_rx.vhd sub00/vhpl08 1446390414
AR kcpsm3 low_level_definition D:/documentos/GitHub/DDA_TP2_Ejer3/TP2DDA_eje3/kcpsm3.vhd sub00/vhpl15 1446390421
AR salida_lcd behavioral D:/documentos/GitHub/DDA_TP2_Ejer3/TP2DDA_eje3/Salida_LCD.vhd sub00/vhpl21 1446390427
