EN cotrol_interrupciones NULL D:/documentos/GitHub/DDA_TP2_Ejer3/TP2DDA_eje3/cotrol_interrupciones.vhd sub00/vhpl12 1446390418
AR divisor_de_frec behavioral D:/documentos/GitHub/DDA_TP2_Ejer3/TP2DDA_eje3/divisor_de_frec.vhd sub00/vhpl07 1446476636
PB constants constants E:/Agus/Facultad/DDA/DDA_TP2_Ejer3/TP2DDA_eje3/aplicacion.vhd sub00/vhpl17 1446435366
AR buffer_lcd behavioral D:/documentos/GitHub/DDA_TP2_Ejer3/TP2DDA_eje3/Buffer_LCD.vhd sub00/vhpl25 1446476648
AR salida_lcd_o behavioral D:/documentos/GitHub/DDA_TP2_Ejer3/TP2DDA_eje3/Salida_LCD_O.vhd sub00/vhpl23 1446476646
PH constants NULL E:/Agus/Facultad/DDA/DDA_TP2_Ejer3/TP2DDA_eje3/aplicacion.vhd sub00/vhpl16 1446435365
AR bbfifo_16x8 low_level_definition D:/documentos/GitHub/DDA_TP2_Ejer3/TP2DDA_eje3/bbfifo_16x8.vhd sub00/vhpl03 1446476630
EN sistema NULL D:/documentos/GitHub/DDA_TP2_Ejer3/TP2DDA_eje3/Sistema.vhd sub00/vhpl26 1446476649
EN antirebote NULL D:/documentos/GitHub/DDA_TP2_Ejer3/TP2DDA_eje3/Antirebote.vhd sub00/vhpl04 1446476631
AR cotrol_interrupciones behavioral D:/documentos/GitHub/DDA_TP2_Ejer3/TP2DDA_eje3/cotrol_interrupciones.vhd sub00/vhpl13 1446390419
AR antirebote behavioral D:/documentos/GitHub/DDA_TP2_Ejer3/TP2DDA_eje3/Antirebote.vhd sub00/vhpl05 1446476632
AR kcuart_rx low_level_definition D:/documentos/GitHub/DDA_TP2_Ejer3/TP2DDA_eje3/kcuart_rx.vhd sub00/vhpl01 1446476628
EN kcuart_rx NULL D:/documentos/GitHub/DDA_TP2_Ejer3/TP2DDA_eje3/kcuart_rx.vhd sub00/vhpl00 1446476627
AR sistema behavioral D:/documentos/GitHub/DDA_TP2_Ejer3/TP2DDA_eje3/Sistema.vhd sub00/vhpl27 1446476650
AR ack_uart behavioral D:/documentos/GitHub/DDA_TP2_Ejer3/TP2DDA_eje3/Ack_uart.vhd sub00/vhpl11 1446390417
EN salida_lcd_o NULL D:/documentos/GitHub/DDA_TP2_Ejer3/TP2DDA_eje3/Salida_LCD_O.vhd sub00/vhpl22 1446476645
AR interruptmef behavioral D:/documentos/GitHub/DDA_TP2_Ejer3/TP2DDA_eje3/InterruptMEF.vhd sub00/vhpl29 1446476640
EN kcpsm3 NULL D:/documentos/GitHub/DDA_TP2_Ejer3/TP2DDA_eje3/kcpsm3.vhd sub00/vhpl14 1446476641
EN interruptmef NULL D:/documentos/GitHub/DDA_TP2_Ejer3/TP2DDA_eje3/InterruptMEF.vhd sub00/vhpl28 1446476639
EN memoria NULL E:/Agus/Facultad/DDA/DDA_TP2_Ejer3/TP2DDA_eje3/aplicacion.vhd sub00/vhpl18 1446435367
AR blinker behavioral D:/documentos/GitHub/DDA_TP2_Ejer3/TP2DDA_eje3/Blinker.vhd sub00/vhpl31 1446476634
EN bbfifo_16x8 NULL D:/documentos/GitHub/DDA_TP2_Ejer3/TP2DDA_eje3/bbfifo_16x8.vhd sub00/vhpl02 1446476629
EN buffer_lcd NULL D:/documentos/GitHub/DDA_TP2_Ejer3/TP2DDA_eje3/Buffer_LCD.vhd sub00/vhpl24 1446476647
EN salida_lcd NULL D:/documentos/GitHub/DDA_TP2_Ejer3/TP2DDA_eje3/Salida_LCD.vhd sub00/vhpl20 1446476643
EN divisor_de_frec NULL D:/documentos/GitHub/DDA_TP2_Ejer3/TP2DDA_eje3/divisor_de_frec.vhd sub00/vhpl06 1446476635
EN ack_uart NULL D:/documentos/GitHub/DDA_TP2_Ejer3/TP2DDA_eje3/Ack_uart.vhd sub00/vhpl10 1446390416
AR uart_rx macro_level_definition D:/documentos/GitHub/DDA_TP2_Ejer3/TP2DDA_eje3/uart_rx.vhd sub00/vhpl09 1446476638
AR memoria mix E:/Agus/Facultad/DDA/DDA_TP2_Ejer3/TP2DDA_eje3/aplicacion.vhd sub00/vhpl19 1446435368
EN uart_rx NULL D:/documentos/GitHub/DDA_TP2_Ejer3/TP2DDA_eje3/uart_rx.vhd sub00/vhpl08 1446476637
AR kcpsm3 low_level_definition D:/documentos/GitHub/DDA_TP2_Ejer3/TP2DDA_eje3/kcpsm3.vhd sub00/vhpl15 1446476642
EN blinker NULL D:/documentos/GitHub/DDA_TP2_Ejer3/TP2DDA_eje3/Blinker.vhd sub00/vhpl30 1446476633
AR salida_lcd behavioral D:/documentos/GitHub/DDA_TP2_Ejer3/TP2DDA_eje3/Salida_LCD.vhd sub00/vhpl21 1446476644
